{
  "version": "1.5.0",
  "plugins_used": [
    {
      "name": "ArtifactoryDetector"
    },
    {
      "name": "AWSKeyDetector"
    },
    {
      "name": "AzureStorageKeyDetector"
    },
    {
      "name": "Base64HighEntropyString",
      "limit": 4.5
    },
    {
      "name": "BasicAuthDetector"
    },
    {
      "name": "CloudantDetector"
    },
    {
      "name": "DiscordBotTokenDetector"
    },
    {
      "name": "GitHubTokenDetector"
    },
    {
      "name": "HexHighEntropyString",
      "limit": 3.0
    },
    {
      "name": "IbmCloudIamDetector"
    },
    {
      "name": "IbmCosHmacDetector"
    },
    {
      "name": "JwtTokenDetector"
    },
    {
      "name": "KeywordDetector",
      "keyword_exclude": ""
    },
    {
      "name": "MailchimpDetector"
    },
    {
      "name": "NpmDetector"
    },
    {
      "name": "PrivateKeyDetector"
    },
    {
      "name": "SendGridDetector"
    },
    {
      "name": "SlackDetector"
    },
    {
      "name": "SoftlayerDetector"
    },
    {
      "name": "SquareOAuthDetector"
    },
    {
      "name": "StripeDetector"
    },
    {
      "name": "TwilioKeyDetector"
    }
  ],
  "filters_used": [
    {
      "path": "detect_secrets.filters.allowlist.is_line_allowlisted"
    },
    {
      "path": "detect_secrets.filters.common.is_baseline_file",
      "filename": ".secrets.baseline"
    },
    {
      "path": "detect_secrets.filters.common.is_ignored_due_to_verification_policies",
      "min_level": 2
    },
    {
      "path": "detect_secrets.filters.heuristic.is_indirect_reference"
    },
    {
      "path": "detect_secrets.filters.heuristic.is_likely_id_string"
    },
    {
      "path": "detect_secrets.filters.heuristic.is_lock_file"
    },
    {
      "path": "detect_secrets.filters.heuristic.is_not_alphanumeric_string"
    },
    {
      "path": "detect_secrets.filters.heuristic.is_potential_uuid"
    },
    {
      "path": "detect_secrets.filters.heuristic.is_prefixed_with_dollar_sign"
    },
    {
      "path": "detect_secrets.filters.heuristic.is_sequential_string"
    },
    {
      "path": "detect_secrets.filters.heuristic.is_templated_secret"
    }
  ],
  "results": {
    ".codeium\\windsurf\\skills\\sast-fix.md": [
      {
        "type": "Secret Keyword",
        "filename": ".codeium\\windsurf\\skills\\sast-fix.md",
        "hashed_secret": "f646e4193a868232b660c90bda525c61a5a87914",
        "is_verified": false,
        "line_number": 42
      }
    ],
    ".env.example": [
      {
        "type": "GitHub Token",
        "filename": ".env.example",
        "hashed_secret": "e175c6f5f2a92e8623bd9a4820edb4e8c1b0fd10",
        "is_verified": false,
        "line_number": 55
      }
    ],
    "cargo-audit.json": [
      {
        "type": "Hex High Entropy String",
        "filename": "cargo-audit.json",
        "hashed_secret": "07b2f5b221877cb426c44612595af50fbc3d65a0",
        "is_verified": false,
        "line_number": 1
      },
      {
        "type": "Hex High Entropy String",
        "filename": "cargo-audit.json",
        "hashed_secret": "1ae584e7f0c7160d03f43bbf34bcfe01c2b6e85b",
        "is_verified": false,
        "line_number": 1
      },
      {
        "type": "Hex High Entropy String",
        "filename": "cargo-audit.json",
        "hashed_secret": "1dce8b411bc62a138429b40b3c8c3ddc0ba5bee3",
        "is_verified": false,
        "line_number": 1
      },
      {
        "type": "Hex High Entropy String",
        "filename": "cargo-audit.json",
        "hashed_secret": "2e81e1bbf35c42eeec7e1f5b9029969d1ece853d",
        "is_verified": false,
        "line_number": 1
      },
      {
        "type": "Hex High Entropy String",
        "filename": "cargo-audit.json",
        "hashed_secret": "56374b43ea51a40841a831e9c8c603f5463c18e6",
        "is_verified": false,
        "line_number": 1
      },
      {
        "type": "Hex High Entropy String",
        "filename": "cargo-audit.json",
        "hashed_secret": "645726791373cb41c3bf75946b70bd58f03cff1d",
        "is_verified": false,
        "line_number": 1
      },
      {
        "type": "Hex High Entropy String",
        "filename": "cargo-audit.json",
        "hashed_secret": "64d8fba06407f60644b24d13577285452596bda2",
        "is_verified": false,
        "line_number": 1
      },
      {
        "type": "Hex High Entropy String",
        "filename": "cargo-audit.json",
        "hashed_secret": "701311a5033838ecdbdbe0d790fa1e60b0bc2a9b",
        "is_verified": false,
        "line_number": 1
      },
      {
        "type": "Hex High Entropy String",
        "filename": "cargo-audit.json",
        "hashed_secret": "837d728c781bffc7426f742fe34e3a270cbf4652",
        "is_verified": false,
        "line_number": 1
      },
      {
        "type": "Hex High Entropy String",
        "filename": "cargo-audit.json",
        "hashed_secret": "89012c955a5b955d1bde634f9d5c1b6676a9ba5b",
        "is_verified": false,
        "line_number": 1
      },
      {
        "type": "Hex High Entropy String",
        "filename": "cargo-audit.json",
        "hashed_secret": "89613bb20bb1fdbb0e2421de27ee31a625933ea2",
        "is_verified": false,
        "line_number": 1
      },
      {
        "type": "Hex High Entropy String",
        "filename": "cargo-audit.json",
        "hashed_secret": "89d71d034c88d9fca865976bdee1e29923b47431",
        "is_verified": false,
        "line_number": 1
      },
      {
        "type": "Hex High Entropy String",
        "filename": "cargo-audit.json",
        "hashed_secret": "8b26271bc5d1417e978b9b8eeea1363781d72a6b",
        "is_verified": false,
        "line_number": 1
      },
      {
        "type": "Hex High Entropy String",
        "filename": "cargo-audit.json",
        "hashed_secret": "93696deb086eae01f6ade3bad646ad47f2569baf",
        "is_verified": false,
        "line_number": 1
      },
      {
        "type": "Hex High Entropy String",
        "filename": "cargo-audit.json",
        "hashed_secret": "9fc503be02819f78731877a87d555cfd9aefd327",
        "is_verified": false,
        "line_number": 1
      },
      {
        "type": "Hex High Entropy String",
        "filename": "cargo-audit.json",
        "hashed_secret": "a45ba79d8a8809267aafa10a058a91f257ea450c",
        "is_verified": false,
        "line_number": 1
      },
      {
        "type": "Hex High Entropy String",
        "filename": "cargo-audit.json",
        "hashed_secret": "af10c24bfa8f6230a9678144432c8b5962847395",
        "is_verified": false,
        "line_number": 1
      },
      {
        "type": "Hex High Entropy String",
        "filename": "cargo-audit.json",
        "hashed_secret": "b424d9844cdbbf7856d621506844647a17121c05",
        "is_verified": false,
        "line_number": 1
      },
      {
        "type": "Hex High Entropy String",
        "filename": "cargo-audit.json",
        "hashed_secret": "cba862702a2ce8cf33462c2bfe164bde47f9971c",
        "is_verified": false,
        "line_number": 1
      }
    ],
    "src-tauri\\tauri.conf.json": [
      {
        "type": "Base64 High Entropy String",
        "filename": "src-tauri\\tauri.conf.json",
        "hashed_secret": "7a2aec402de125a0fefc23b6d8b4ef3bc606f5fd",
        "is_verified": false,
        "line_number": 88
      }
    ],
    "tools\\sarif-digest.py": [
      {
        "type": "Secret Keyword",
        "filename": "tools\\sarif-digest.py",
        "hashed_secret": "bd6149e59cb69a8c1c744bbf26603236f3155b70",
        "is_verified": false,
        "line_number": 14
      }
    ]
  },
  "generated_at": "2026-08-05T02:15:05Z"
}
